  ok    size normalisation — model, screen and weight agree  (42 assertions)
  ok    imperial — the first token of a run is the size  (66 assertions)
  ok    weight — every product, every input that moves it  (40 assertions)
  ok    pricing — nothing stale, nothing fabricated  (49 assertions)
  ok    pricing history — the rows we sent, and why they differed  (106 assertions)
  ok    mixed documents — a heading speaks only for its own rows  (37 assertions)
  ok    save / reload / output — no value drift, no internal costs on the page  (65 assertions)
  ok    bulk fields — a blank never clears an answer  (61 assertions)
  ok    dense table — 29 rows, merged cells, metric beside imperial  (170 assertions)
  ok    engineering drawing — five parts, five lengths, no borrowed dimensions  (73 assertions)
  ok    company rules — a size type with a reason, a diameter with one source  (68 assertions)
  ok    quick add safety — corrections, item numbers, partial extraction  (103 assertions)
  ok    company history — a legacy description reads as words, not as a stored value  (51 assertions)
  ok    accessories — included in the final unit price, breakdown preserved  (127 assertions)
  ok    dimension schema and drawing association  (71 assertions)
  ok    quick add — each row's own pricing history, on the row  (86 assertions)
  ok    quick add layout — every product reachable at every width  (285 assertions)
  ok    quick add — twenty items, which is the ordinary case  (31 assertions)
  ok    engineering documents — geometry, merged cells and specification scope  (148 assertions)
  ok    add to quotation — the button at the end of the review  (160 assertions)
  ok    stainless — SS304 and SS316 carry no finish, on every screen  (119 assertions)
  ok    materials — four identities, one vocabulary, one answer  (236 assertions)
  ok    previous price — a recipe, not a number  (73 assertions)
  ok    pricing history — whose price is this  (61 assertions)
  ok    size type — unknown is not fullsize  (71 assertions)
  ok    thread reference — a note about the thread  (100 assertions)
  ok    previous price — applied to the items it describes  (79 assertions)
  ok    quick add — a review screen, not a settings page  (65 assertions)
  ok    quantity — fifteen thousand, one, and the ones we must not guess  (176 assertions)
  ok    English / 中文 — the screen, not the dictionary  (165 assertions)
  ok    size system — one rod, one diameter, whichever way it was written  (132 assertions)
  ok    responsive — every width the brief names  (98 assertions)
  ok    rendered 中文 — the DOM, not the dictionary  (166 assertions)
  ok    compact row — the pricing summary, from the row's own state  (54 assertions)
  ok    fast edit — one state, and everything it holds still  (77 assertions)
  ok    diameter — the bar the weight is made of  (94 assertions)
  ok    roles — Fast Edit, Bulk Edit and Details do not overlap  (109 assertions)
  ok    phone widths — the scope label, the tap targets, and the desk left alone  (102 assertions)

  38 suites, 3816 assertions, 0 failed

  860.6s
