  ok    size normalisation — model, screen and weight agree  (42 assertions)
  ok    imperial — the first token of a run is the size  (66 assertions)
  ok    weight — every product, every input that moves it  (39 assertions)
  ok    pricing — nothing stale, nothing fabricated  (47 assertions)
  ok    pricing history — the rows we sent, and why they differed  (105 assertions)
  ok    mixed documents — a heading speaks only for its own rows  (37 assertions)
  ok    save / reload / output — no value drift, no internal costs on the page  (65 assertions)
  ok    common fields and Correct Items — a blank never clears an answer  (61 assertions)
  ok    dense table — 29 rows, merged cells, metric beside imperial  (170 assertions)
  ok    engineering drawing — five parts, five lengths, no borrowed dimensions  (73 assertions)
  ok    company rules — a size type with a reason, a diameter with one source  (68 assertions)
  ok    quick add safety — corrections, item numbers, partial extraction  (60 assertions)
  ok    company history — a legacy description reads as words, not as a stored value  (40 assertions)
  ok    accessories — charged beside the bolt, never inside it  (41 assertions)
  ok    dimension schema and drawing association  (71 assertions)
  ok    quick add — each row's own pricing history, on the row  (85 assertions)
  ok    quick add layout — every product reachable at every width  (280 assertions)
  ok    quick add — twenty items, which is the ordinary case  (30 assertions)
  ok    engineering documents — geometry, merged cells and specification scope  (148 assertions)
  ok    add to quotation — the button at the end of the review  (160 assertions)
  ok    stainless — SS304 and SS316 carry no finish, on every screen  (119 assertions)
  ok    materials — four identities, one vocabulary, one answer  (236 assertions)
  ok    previous price — a recipe, not a number  (73 assertions)
  ok    pricing history — whose price is this  (61 assertions)
  ok    size type — unknown is not fullsize  (71 assertions)
  ok    thread reference — a note about the thread  (100 assertions)
  ok    previous price — applied to the items it describes  (79 assertions)
  ok    quick add — a review screen, not a settings page  (66 assertions)
  ok    quantity — fifteen thousand, one, and the ones we must not guess  (136 assertions)
  ok    English / 中文 — the screen, not the dictionary  (165 assertions)
  ok    size system — one rod, one diameter, whichever way it was written  (132 assertions)
  ok    responsive — every width the brief names  (70 assertions)
  ok    rendered 中文 — the DOM, not the dictionary  (144 assertions)

  33 suites, 3140 assertions, 0 failed

  634.7s
